==========================================
   minimodem 0.24: tests/test-suite.log
==========================================

# TOTAL: 28
# PASS:  6
# SKIP:  0
# XFAIL: 0
# FAIL:  22
# XPASS: 0
# ERROR: 0

System information (uname -a): Linux 7.0.9-arch1-1 #1 SMP PREEMPT_DYNAMIC Sun, 17 May 2026 17:23:07 +0000 x86_64
Distribution information (/etc/os-release):
NAME="Arch Linux"
PRETTY_NAME="Arch Linux"
ID=arch
BUILD_ID=rolling
ANSI_COLOR="38;2;23;147;209"
HOME_URL="https://archlinux.org/"
DOCUMENTATION_URL="https://wiki.archlinux.org/"
SUPPORT_URL="https://bbs.archlinux.org/"

.. contents:: :depth: 2

FAIL: 01-self-test-1200
=======================

testdata-ascii.txt /tmp/minimodem-test-65849.out differ: byte 1, line 1
FAIL 01-self-test-1200.test (exit status: 1)

FAIL: 02-self-test-300
======================

testdata-ascii.txt /tmp/minimodem-test-65858.out differ: byte 1, line 1
FAIL 02-self-test-300.test (exit status: 1)

FAIL: 04-self-test-0.5
======================

/tmp/minimodem-test.65876 /tmp/minimodem-test-65877.out differ: byte 1, line 1
FAIL 04-self-test-0.5.test (exit status: 1)

FAIL: 05-self-test-12000
========================

testdata-ascii.txt /tmp/minimodem-test-65887.out differ: byte 1, line 1
FAIL 05-self-test-12000.test (exit status: 1)

FAIL: 06-self-test-float-samples
================================

testdata-ascii.txt /tmp/minimodem-test-65896.out differ: byte 1, line 1
FAIL 06-self-test-float-samples.test (exit status: 1)

FAIL: 07-self-test-no-lut
=========================

testdata-ascii.txt /tmp/minimodem-test-65905.out differ: byte 1, line 1
FAIL 07-self-test-no-lut.test (exit status: 1)

FAIL: 08-self-test-lut16
========================

testdata-ascii.txt /tmp/minimodem-test-65914.out differ: byte 1, line 1
FAIL 08-self-test-lut16.test (exit status: 1)

FAIL: 09-self-test-lut16-float
==============================

testdata-ascii.txt /tmp/minimodem-test-65923.out differ: byte 1, line 1
FAIL 09-self-test-lut16-float.test (exit status: 1)

FAIL: 10-verify-perfect
=======================

testdata-ascii.txt /tmp/minimodem-test-65932.out differ: byte 1, line 1
FAIL 10-verify-perfect.test (exit status: 1)

FAIL: 11-verify-perfect-nolut
=============================

testdata-ascii.txt /tmp/minimodem-test-65941.out differ: byte 1, line 1
FAIL 11-verify-perfect-nolut.test (exit status: 1)

FAIL: 12-verify-perfect-lut16
=============================

testdata-ascii.txt /tmp/minimodem-test-65950.out differ: byte 1, line 1
FAIL 12-verify-perfect-lut16.test (exit status: 1)

FAIL: 13-verify-perfect-nolut-float
===================================

testdata-ascii.txt /tmp/minimodem-test-65959.out differ: byte 1, line 1
FAIL 13-verify-perfect-nolut-float.test (exit status: 1)

FAIL: 14-verify-perfect-lut16-float
===================================

testdata-ascii.txt /tmp/minimodem-test-65968.out differ: byte 1, line 1
FAIL 14-verify-perfect-lut16-float.test (exit status: 1)

FAIL: 15-verify-perfect-float
=============================

testdata-ascii.txt /tmp/minimodem-test-65977.out differ: byte 1, line 1
FAIL 15-verify-perfect-float.test (exit status: 1)

FAIL: 21-rate-slop
==================

292 testdata-ascii.txt /tmp/minimodem-test-66015.out differ: byte 1, line 1
299 testdata-ascii.txt /tmp/minimodem-test-66020.out differ: byte 1, line 1
300 testdata-ascii.txt /tmp/minimodem-test-66025.out differ: byte 1, line 1
301 testdata-ascii.txt /tmp/minimodem-test-66030.out differ: byte 1, line 1
308 testdata-ascii.txt /tmp/minimodem-test-66035.out differ: byte 1, line 1
  (5/5 rate-slop tests failed)
FAIL 21-rate-slop.test (exit status: 5)

FAIL: 30-amplitude
==================

3.50 testdata-ascii.txt /tmp/minimodem-test-66045.out differ: byte 1, line 1
(standard_in) 1: syntax error
(standard_in) 1: syntax error
(standard_in) 1: syntax error
(standard_in) 1: syntax error
./30-amplitude.test: line 28: [: too many arguments
FAIL: rx amplitude does not match tx volume
1.00 testdata-ascii.txt /tmp/minimodem-test-66059.out differ: byte 1, line 1
(standard_in) 1: syntax error
(standard_in) 1: syntax error
(standard_in) 1: syntax error
(standard_in) 1: syntax error
./30-amplitude.test: line 28: [: too many arguments
FAIL: rx amplitude does not match tx volume
0.30 testdata-ascii.txt /tmp/minimodem-test-66073.out differ: byte 1, line 1
(standard_in) 1: syntax error
(standard_in) 1: syntax error
(standard_in) 1: syntax error
(standard_in) 1: syntax error
./30-amplitude.test: line 28: [: too many arguments
FAIL: rx amplitude does not match tx volume
0.01 testdata-ascii.txt /tmp/minimodem-test-66087.out differ: byte 1, line 1
(standard_in) 1: syntax error
(standard_in) 1: syntax error
(standard_in) 1: syntax error
(standard_in) 1: syntax error
./30-amplitude.test: line 28: [: too many arguments
FAIL: rx amplitude does not match tx volume
 E   testdata-ascii.txt /tmp/minimodem-test-66121.out differ: byte 1, line 1
(standard_in) 1: syntax error
(standard_in) 1: syntax error
(standard_in) 1: syntax error
(standard_in) 1: syntax error
./30-amplitude.test: line 28: [: too many arguments
FAIL: rx amplitude does not match tx volume
  (10/5 amplitude tests failed)
FAIL 30-amplitude.test (exit status: 10)

FAIL: 31-amplitude-float
========================

3.50 testdata-ascii.txt /tmp/minimodem-test-66190.out differ: byte 1, line 1
(standard_in) 1: syntax error
(standard_in) 1: syntax error
(standard_in) 1: syntax error
(standard_in) 1: syntax error
/home/heng/minimodem/tests/30-amplitude.test: line 28: [: too many arguments
FAIL: rx amplitude does not match tx volume
1.00 testdata-ascii.txt /tmp/minimodem-test-66221.out differ: byte 1, line 1
(standard_in) 1: syntax error
(standard_in) 1: syntax error
(standard_in) 1: syntax error
(standard_in) 1: syntax error
/home/heng/minimodem/tests/30-amplitude.test: line 28: [: too many arguments
FAIL: rx amplitude does not match tx volume
0.30 testdata-ascii.txt /tmp/minimodem-test-66252.out differ: byte 1, line 1
(standard_in) 1: syntax error
(standard_in) 1: syntax error
(standard_in) 1: syntax error
(standard_in) 1: syntax error
/home/heng/minimodem/tests/30-amplitude.test: line 28: [: too many arguments
FAIL: rx amplitude does not match tx volume
0.01 testdata-ascii.txt /tmp/minimodem-test-66300.out differ: byte 1, line 1
(standard_in) 1: syntax error
(standard_in) 1: syntax error
(standard_in) 1: syntax error
(standard_in) 1: syntax error
/home/heng/minimodem/tests/30-amplitude.test: line 28: [: too many arguments
FAIL: rx amplitude does not match tx volume
 E   testdata-ascii.txt /tmp/minimodem-test-66348.out differ: byte 1, line 1
(standard_in) 1: syntax error
(standard_in) 1: syntax error
(standard_in) 1: syntax error
(standard_in) 1: syntax error
/home/heng/minimodem/tests/30-amplitude.test: line 28: [: too many arguments
FAIL: rx amplitude does not match tx volume
  (10/5 amplitude tests failed)
FAIL 31-amplitude-float.test (exit status: 10)

FAIL: 40-noise
==============

0.00 testdata-ascii.txt /tmp/minimodem-test-66401.out differ: byte 1, line 1
0.05 testdata-ascii.txt /tmp/minimodem-test-66440.out differ: byte 1, line 1
0.10 testdata-ascii.txt /tmp/minimodem-test-66445.out differ: byte 1, line 1
0.50 testdata-ascii.txt /tmp/minimodem-test-66484.out differ: byte 1, line 1
  (4/4 noise tests failed)
FAIL 40-noise.test (exit status: 4)

FAIL: 41-noise-purefreqs
========================

0.00 testdata-ascii.txt /tmp/minimodem-test-66528.out differ: byte 1, line 1
0.05 testdata-ascii.txt /tmp/minimodem-test-66567.out differ: byte 1, line 1
0.10 testdata-ascii.txt /tmp/minimodem-test-66573.out differ: byte 1, line 1
0.50 testdata-ascii.txt /tmp/minimodem-test-66611.out differ: byte 1, line 1
  (4/4 noise tests failed)
FAIL 41-noise-purefreqs.test (exit status: 4)

FAIL: 60-multibyte
==================

testdata-multibyte.txt /tmp/minimodem-test-66654.out differ: byte 1, line 1
FAIL 60-multibyte.test (exit status: 1)

FAIL: 80-SAME
=============

testdata-ascii.txt /tmp/minimodem-test-66681.out differ: byte 1, line 1
FAIL 80-SAME.test (exit status: 1)

FAIL: 81-ascii7
===============

testdata-ascii.txt /tmp/minimodem-test-66690.out differ: byte 1, line 1
FAIL 81-ascii7.test (exit status: 1)

